﻿
> frontend@0.0.0 build
> vite build

[36mvite v4.5.14 [32mbuilding for production...[36m[39m
transforming...
[32mΓ£ô[39m 1610 modules transformed.
[32mΓ£ô built in 3.52s[39m
node.exe : 
[31m"getProductDetails" 
is not exported by "src/st
ore/slices/productSlice.js
", imported by "src/pages/
ProductPage.jsx".[39m
At line:1 char:1
+ & "C:\Program 
Files\nodejs/node.exe" 
"C:\Program 
Files\nodejs/node_mo ...
+ ~~~~~~~~~~~~~~~~~~~~~~~~
~~~~~~~~~~~~~~~~~~~~~~~~~~
~~~~~~~~~~~~~~~~~~~
    + CategoryInfo        
      : NotSpecified: (  
  [31m"getProduc...Page   
 .jsx".[39m:String) [    
], RemoteException
    + FullyQualifiedError 
   Id : NativeCommandErr  
  or
 
file: [36mC:/Users/lahari
/OneDrive/Desktop/online 
gym equipment/frontend/src
/pages/ProductPage.jsx:4:9
[39m
[33m2: import { 
useParams, Link, 
useNavigate } from 
'react-router-dom';
3: import { useDispatch, 
useSelector } from 
'react-redux';
4: import { 
getProductDetails, 
createProductReview, 
resetProductReview } from 
'../store/slices/productSl
ice';
            ^
5: import { addToCart } 
from '../store/slices/cart
Slice';
6: import { addToWishlist 
} from '../store/slices/wi
shlistSlice';[39m
[31merror during build:
RollupError: 
"getProductDetails" is 
not exported by "src/store
/slices/productSlice.js", 
imported by "src/pages/Pro
ductPage.jsx".
    at error (file:///C:/U
sers/lahari/OneDrive/Deskt
op/online%20gym%20equipmen
t/frontend/node_modules/ro
llup/dist/es/shared/node-e
ntry.js:2287:30)
    at Module.error (file:
///C:/Users/lahari/OneDriv
e/Desktop/online%20gym%20e
quipment/frontend/node_mod
ules/rollup/dist/es/shared
/node-entry.js:13751:16)
    at 
Module.traceVariable (file
:///C:/Users/lahari/OneDri
ve/Desktop/online%20gym%20
equipment/frontend/node_mo
dules/rollup/dist/es/share
d/node-entry.js:14181:29)
    at 
ModuleScope.findVariable (
file:///C:/Users/lahari/On
eDrive/Desktop/online%20gy
m%20equipment/frontend/nod
e_modules/rollup/dist/es/s
hared/node-entry.js:12621:
39)
    at ReturnValueScope.fi
ndVariable (file:///C:/Use
rs/lahari/OneDrive/Desktop
/online%20gym%20equipment/
frontend/node_modules/roll
up/dist/es/shared/node-ent
ry.js:7130:38)
    at 
ChildScope.findVariable (f
ile:///C:/Users/lahari/One
Drive/Desktop/online%20gym
%20equipment/frontend/node
_modules/rollup/dist/es/sh
ared/node-entry.js:7130:38
)
    at ReturnValueScope.fi
ndVariable (file:///C:/Use
rs/lahari/OneDrive/Desktop
/online%20gym%20equipment/
frontend/node_modules/roll
up/dist/es/shared/node-ent
ry.js:7130:38)
    at 
ChildScope.findVariable (f
ile:///C:/Users/lahari/One
Drive/Desktop/online%20gym
%20equipment/frontend/node
_modules/rollup/dist/es/sh
ared/node-entry.js:7130:38
)
    at Identifier.bind (fi
le:///C:/Users/lahari/OneD
rive/Desktop/online%20gym%
20equipment/frontend/node_
modules/rollup/dist/es/sha
red/node-entry.js:8325:40)
    at 
CallExpression.bind (file:
///C:/Users/lahari/OneDriv
e/Desktop/online%20gym%20e
quipment/frontend/node_mod
ules/rollup/dist/es/shared
/node-entry.js:5898:23)[3
9m
